[backblue.gif]
[fade.gif]
[index.html]
[file/C_/Users/SANDRA/Desktop/Portfolio - Copy/portfolio/portfolio1/index.html]
[file/C_/Users/SANDRA/Desktop/Portfolio - Copy/portfolio/portfolio1/img/soloss.png]
[file/C_/Users/SANDRA/Desktop/Portfolio - Copy/portfolio/portfolio1/img/client1.jpg]
[file/C_/Users/SANDRA/Desktop/Portfolio - Copy/portfolio/portfolio1/img/client2.jpg]
[file/C_/Users/SANDRA/Desktop/Portfolio - Copy/portfolio/portfolio1/img/project-1.jpg]
[file/C_/Users/SANDRA/Desktop/Portfolio - Copy/cdnjs.cloudflare.com/ajax/libs/font-awesome/5.10.0/css/all.min.css]
[file/C_/Users/SANDRA/Desktop/Portfolio - Copy/portfolio/portfolio1/img/project-2.jpg]
[file/C_/Users/SANDRA/Desktop/Portfolio - Copy/portfolio/portfolio1/img/project-3.jpg]
[file/C_/Users/SANDRA/Desktop/Portfolio - Copy/cdn.jsdelivr.net/npm/bootstrap-icons@1.4.1/font/bootstrap-icons.css]
[file/C_/Users/SANDRA/Desktop/Portfolio - Copy/portfolio/portfolio1/img/project-4.jpg]
[file/C_/Users/SANDRA/Desktop/Portfolio - Copy/portfolio/portfolio1/img/project-5.jpg]
[file/C_/Users/SANDRA/Desktop/Portfolio - Copy/portfolio/portfolio1/img/project-6.jpg]
[file/C_/Users/SANDRA/Desktop/Portfolio - Copy/portfolio/portfolio1/img/teamA.jpg]
[file/C_/Users/SANDRA/Desktop/Portfolio - Copy/portfolio/portfolio1/img/teamB.jpg]
[file/C_/Users/SANDRA/Desktop/Portfolio - Copy/portfolio/portfolio1/lib/animate/animate.min.css]
[file/C_/Users/SANDRA/Desktop/Portfolio - Copy/portfolio/portfolio1/img/teamC.jpg]
[file/C_/Users/SANDRA/Desktop/Portfolio - Copy/portfolio/portfolio1/img/happyc1.jpg]
[file/C_/Users/SANDRA/Desktop/Portfolio - Copy/portfolio/portfolio1/lib/lightbox/css/lightbox.min.css]
[file/C_/Users/SANDRA/Desktop/Portfolio - Copy/portfolio/portfolio1/img/happyc2.jpg]
[file/C_/Users/SANDRA/Desktop/Portfolio - Copy/portfolio/portfolio1/img/happyc3.jpg]
[file/C_/Users/SANDRA/Desktop/Portfolio - Copy/portfolio/portfolio1/lib/owlcarousel/assets/owl.carousel.min.css]
[file/C_/Users/SANDRA/Desktop/Portfolio - Copy/portfolio/portfolio1/css/bootstrap.min.css]
[file/C_/Users/SANDRA/Desktop/Portfolio - Copy/portfolio/portfolio1/lib/lightbox/images/loading.gif]
[file/C_/Users/SANDRA/Desktop/Portfolio - Copy/portfolio/portfolio1/lib/owlcarousel/assets/owl.video.play.png]
[file/C_/Users/SANDRA/Desktop/Portfolio - Copy/portfolio/portfolio1/css/style.css]
[file/C_/Users/SANDRA/Desktop/Portfolio - Copy/code.jquery.com/jquery-3.4.1.min.js]
[file/C_/Users/SANDRA/Desktop/Portfolio - Copy/cdn.jsdelivr.net/npm/bootstrap@5.0.0/dist/js/bootstrap.bundle.min.js]
[file/C_/Users/SANDRA/Desktop/Portfolio - Copy/portfolio/portfolio1/lib/wow/wow.min.js]
[file/C_/Users/SANDRA/Desktop/Portfolio - Copy/portfolio/portfolio1/lib/easing/easing.min.js]
[file/C_/Users/SANDRA/Desktop/Portfolio - Copy/portfolio/portfolio1/lib/waypoints/waypoints.min.js]
[file/C_/Users/SANDRA/Desktop/Portfolio - Copy/portfolio/portfolio1/lib/typed/typed.min.js]
[file/C_/Users/SANDRA/Desktop/Portfolio - Copy/portfolio/portfolio1/lib/counterup/counterup.min.js]
[file/C_/Users/SANDRA/Desktop/Portfolio - Copy/portfolio/portfolio1/lib/owlcarousel/owl.carousel.min.js]
[file/C_/Users/SANDRA/Desktop/Portfolio - Copy/portfolio/portfolio1/lib/isotope/isotope.pkgd.min.js]
[file/C_/Users/SANDRA/Desktop/Portfolio - Copy/portfolio/portfolio1/lib/lightbox/js/lightbox.min.js]
[file/C_/Users/SANDRA/Desktop/Portfolio - Copy/portfolio/portfolio1/js/main.js]
[file/C_/Users/SANDRA/Desktop/Portfolio - Copy/portfolio/portfolio1/img/sol.png]
[file/C_/Users/SANDRA/Desktop/Portfolio - Copy/portfolio/portfolio1/style.css]
[file/C_/Users/SANDRA/Desktop/Portfolio - Copy/portfolio/portfolio1/favicon2.html]
[file/C_/Users/SANDRA/Desktop/Portfolio - Copy/cdn.jsdelivr.net/npm/bootstrap-icons@1.4.1/font/fonts/bootstrap-iconsfb95fb95.woff2]
[file/C_/Users/SANDRA/Desktop/Portfolio - Copy/cdn.jsdelivr.net/npm/bootstrap-icons@1.4.1/font/fonts/bootstrap-iconsfb95fb95.woff]
[file/C_/Users/SANDRA/Desktop/Portfolio - Copy/portfolio/portfolio1/img/bg-icon.png]
